Traffic_light.c:29:6:convert	24	static
Traffic_light.c:47:6:traffic_double_display_convert	32	static
Traffic_light.c:110:6:traffic_double_display	32	static
Traffic_light.c:191:6:traffic_display	24	static
Traffic_light.c:212:6:traffic_init	8	static
Traffic_light.c:239:6:traffic_green_red	8	static
Traffic_light.c:258:6:traffic_yellow_red	8	static
Traffic_light.c:285:6:traffic_red_red1	8	static
Traffic_light.c:304:6:traffic_red_green	8	static
Traffic_light.c:323:6:traffic_red_yellow	8	static
Traffic_light.c:343:6:traffic_mannual_green_red	8	static
Traffic_light.c:356:6:traffic_mannual_yellow_red	8	static
Traffic_light.c:369:6:traffic_mannual_red_red	8	static
Traffic_light.c:382:6:traffic_mannual_red_green	8	static
Traffic_light.c:395:6:traffic_mannual_red_yellow	8	static
Traffic_light.c:408:6:traffic_set_time_red	8	static
Traffic_light.c:445:6:traffic_set_time_yellow	8	static
Traffic_light.c:476:6:traffic_set_time_green	8	static
